// Jest Snapshot v1, https://goo.gl/fbAQLP

exports[`Nav 1`] = `
Object {
  "asFragment": [Function],
  "baseElement": <body>
    <div>
      <div
        class="nav"
        role="navigation"
      >
        <ul
          class="nav-links"
        >
          <li>
            <a
              aria-current="page"
              class="active"
              data-discover="true"
              href="/"
            >
              Home
            </a>
          </li>
          <li>
            <a
              class=""
              data-discover="true"
              href="/leaderboard"
            >
              Leaderboard
            </a>
          </li>
          <li>
            <a
              class=""
              data-discover="true"
              href="/add"
            >
              Add Question
            </a>
          </li>
        </ul>
        <ul
          class="nav-login"
        >
          <li>
            testUser
          </li>
          <button>
            Logout
          </button>
        </ul>
      </div>
    </div>
  </body>,
  "container": <div>
    <div
      class="nav"
      role="navigation"
    >
      <ul
        class="nav-links"
      >
        <li>
          <a
            aria-current="page"
            class="active"
            data-discover="true"
            href="/"
          >
            Home
          </a>
        </li>
        <li>
          <a
            class=""
            data-discover="true"
            href="/leaderboard"
          >
            Leaderboard
          </a>
        </li>
        <li>
          <a
            class=""
            data-discover="true"
            href="/add"
          >
            Add Question
          </a>
        </li>
      </ul>
      <ul
        class="nav-login"
      >
        <li>
          testUser
        </li>
        <button>
          Logout
        </button>
      </ul>
    </div>
  </div>,
  "debug": [Function],
  "findAllByAltText": [Function],
  "findAllByDisplayValue": [Function],
  "findAllByLabelText": [Function],
  "findAllByPlaceholderText": [Function],
  "findAllByRole": [Function],
  "findAllByTestId": [Function],
  "findAllByText": [Function],
  "findAllByTitle": [Function],
  "findByAltText": [Function],
  "findByDisplayValue": [Function],
  "findByLabelText": [Function],
  "findByPlaceholderText": [Function],
  "findByRole": [Function],
  "findByTestId": [Function],
  "findByText": [Function],
  "findByTitle": [Function],
  "getAllByAltText": [Function],
  "getAllByDisplayValue": [Function],
  "getAllByLabelText": [Function],
  "getAllByPlaceholderText": [Function],
  "getAllByRole": [Function],
  "getAllByTestId": [Function],
  "getAllByText": [Function],
  "getAllByTitle": [Function],
  "getByAltText": [Function],
  "getByDisplayValue": [Function],
  "getByLabelText": [Function],
  "getByPlaceholderText": [Function],
  "getByRole": [Function],
  "getByTestId": [Function],
  "getByText": [Function],
  "getByTitle": [Function],
  "queryAllByAltText": [Function],
  "queryAllByDisplayValue": [Function],
  "queryAllByLabelText": [Function],
  "queryAllByPlaceholderText": [Function],
  "queryAllByRole": [Function],
  "queryAllByTestId": [Function],
  "queryAllByText": [Function],
  "queryAllByTitle": [Function],
  "queryByAltText": [Function],
  "queryByDisplayValue": [Function],
  "queryByLabelText": [Function],
  "queryByPlaceholderText": [Function],
  "queryByRole": [Function],
  "queryByTestId": [Function],
  "queryByText": [Function],
  "queryByTitle": [Function],
  "rerender": [Function],
  "unmount": [Function],
}
`;
